<html>
<body>
<pre>
<h1>µVision Build Log</h1>
<h2>Tool Versions:</h2>
IDE-Version: µVision V5.26.2.0
Copyright (C) 2018 ARM Ltd and ARM Germany GmbH. All rights reserved.
License Information: kalpesh mali, karmic embedded pvt ltd, LIC=----
 
Tool Versions:
Toolchain:       MDK-Lite  Version: 5.26.2.0
Toolchain Path:  C:\Keil_v5\ARM\ARMCC\Bin
C Compiler:      Armcc.exe V5.06 update 6 (build 750)
Assembler:       Armasm.exe V5.06 update 6 (build 750)
Linker/Locator:  ArmLink.exe V5.06 update 6 (build 750)
Library Manager: ArmAr.exe V5.06 update 6 (build 750)
Hex Converter:   FromElf.exe V5.06 update 6 (build 750)
CPU DLL:         SARMCM3.DLL V5.26.2.0
Dialog DLL:      DARMP1.DLL V1.27.0.0
Target DLL:      coocox-agdi.dll V???
Dialog DLL:      TARMP1.DLL V1.26.0.0
 
<h2>Project:</h2>
D:\Karmic\lpc1768\Trainning Program\HC595\HC595_Interfecd.uvproj
Project File Date:  06/11/2019

<h2>Output:</h2>
*** Using Compiler 'V5.06 update 6 (build 750)', folder: 'C:\Keil_v5\ARM\ARMCC\Bin'
Rebuild target 'Target 1'
assembling startup_LPC17xx.s...
compiling core_cm3.c...
compiling system_LPC17xx.c...
compiling HC595_Interfecd.c...
UserDefineFunction.h(85): warning:  #1-D: last line of file ends without a newline
  }
HC595_Interfecd.c(15): warning:  #188-D: enumerated type mixed with another type
  			 PinSelFunc(1,21,0);   //selecting the pin p1.21 and direction as output(SER data pin)
HC595_Interfecd.c(16): warning:  #188-D: enumerated type mixed with another type
  			 PinDir(1,21,1);
HC595_Interfecd.c(18): warning:  #188-D: enumerated type mixed with another type
  			 PinSelFunc(1,22,0);   //selecting the pin p1.22 and direction as output(SRCLK pin)
HC595_Interfecd.c(19): warning:  #188-D: enumerated type mixed with another type
  			 PinDir(1,22,1);
HC595_Interfecd.c(21): warning:  #188-D: enumerated type mixed with another type
  			 PinSelFunc(1,23,0);  //selecting the pin p1.23 and direction as output(RCLK pin)
HC595_Interfecd.c(22): warning:  #188-D: enumerated type mixed with another type
  			 PinDir(1,23,1);           
HC595_Interfecd.c: 7 warnings, 0 errors
linking...
Program Size: Code=764 RO-data=252 RW-data=0 ZI-data=608  
FromELF: creating hex file...
".\Objects\HC595_Interfecd.axf" - 0 Error(s), 7 Warning(s).
Build Time Elapsed:  00:00:01
</pre>
</body>
</html>
