<html>
<body>
<pre>
<h1>µVision Build Log</h1>
<h2>Tool Versions:</h2>
IDE-Version: µVision V5.26.2.0
Copyright (C) 2018 ARM Ltd and ARM Germany GmbH. All rights reserved.
License Information: kalpesh mali, karmic embedded pvt ltd, LIC=----
 
Tool Versions:
Toolchain:       MDK-Lite  Version: 5.26.2.0
Toolchain Path:  C:\Keil_v5\ARM\ARMCC\Bin
C Compiler:      Armcc.exe V5.06 update 6 (build 750)
Assembler:       Armasm.exe V5.06 update 6 (build 750)
Linker/Locator:  ArmLink.exe V5.06 update 6 (build 750)
Library Manager: ArmAr.exe V5.06 update 6 (build 750)
Hex Converter:   FromElf.exe V5.06 update 6 (build 750)
CPU DLL:         SARMCM3.DLL V5.26.2.0
Dialog DLL:      DARMP1.DLL V1.27.0.0
Target DLL:      coocox-agdi.dll V???
Dialog DLL:      TARMP1.DLL V1.26.0.0
 
<h2>Project:</h2>
D:\Karmic\lpc1768\Trainning Program\Watch_Dog_timer\WatchDodTimerProgram.uvproj
Project File Date:  06/11/2019

<h2>Output:</h2>
*** Using Compiler 'V5.06 update 6 (build 750)', folder: 'C:\Keil_v5\ARM\ARMCC\Bin'
Rebuild target 'Target 1'
assembling startup_LPC17xx.s...
compiling core_cm3.c...
compiling WatchDodTimerProgram.c...
WatchDodTimerProgram.c(7): warning:  #223-D: function "SystemClockUpdate" declared implicitly
  			SystemClockUpdate();
WatchDodTimerProgram.c: 1 warning, 0 errors
compiling system_LPC17xx.c...
linking...
Program Size: Code=1024 RO-data=316 RW-data=4 ZI-data=612  
FromELF: creating hex file...
".\Objects\WatchDodTimerProgram.axf" - 0 Error(s), 1 Warning(s).
Build Time Elapsed:  00:00:01
</pre>
</body>
</html>
