<html>
<body>
<pre>
<h1>µVision Build Log</h1>
<h2>Tool Versions:</h2>
IDE-Version: µVision V5.26.2.0
Copyright (C) 2018 ARM Ltd and ARM Germany GmbH. All rights reserved.
License Information: kalpesh mali, karmic embedded pvt ltd, LIC=----
 
Tool Versions:
Toolchain:       MDK-Lite  Version: 5.26.2.0
Toolchain Path:  C:\Keil_v5\ARM\ARMCC\Bin
C Compiler:      Armcc.exe V5.06 update 6 (build 750)
Assembler:       Armasm.exe V5.06 update 6 (build 750)
Linker/Locator:  ArmLink.exe V5.06 update 6 (build 750)
Library Manager: ArmAr.exe V5.06 update 6 (build 750)
Hex Converter:   FromElf.exe V5.06 update 6 (build 750)
CPU DLL:         SARMCM3.DLL V5.26.2.0
Dialog DLL:      DARMP1.DLL V1.27.0.0
Target DLL:      coocox-agdi.dll V???
Dialog DLL:      TARMP1.DLL V1.26.0.0
 
<h2>Project:</h2>
D:\Karmic\lpc1768\Trainning Program\Interrupt\ExternalInterruptUsingGPIO\GPIO_External_INT3.uvproj
Project File Date:  06/11/2019

<h2>Output:</h2>
*** Using Compiler 'V5.06 update 6 (build 750)', folder: 'C:\Keil_v5\ARM\ARMCC\Bin'
Rebuild target 'Target 1'
assembling startup_LPC17xx.s...
compiling core_cm3.c...
compiling system_LPC17xx.c...
compiling EXINT3_GPIO.c...
UserDefineFunction.h(86): warning:  #1-D: last line of file ends without a newline
  }
EXINT3_GPIO.c(22): warning:  #188-D: enumerated type mixed with another type
                  PinWrite(1,21,1);              /* turn off P2.0~3 */      
EXINT3_GPIO.c(24): warning:  #188-D: enumerated type mixed with another type
                  PinWrite(1,21,0);              /* turn off P2.4~7 */
EXINT3_GPIO.c(33): warning:  #188-D: enumerated type mixed with another type
                                  PinWrite(1,29,1);              /* turn off P2.0~3 */      
EXINT3_GPIO.c(35): warning:  #188-D: enumerated type mixed with another type
                                  PinWrite(1,29,0);              /* turn off P2.4~7 */
EXINT3_GPIO.c(43): warning:  #188-D: enumerated type mixed with another type
                                  PinWrite(1,24,1);              /* turn off P2.0~3 */      
EXINT3_GPIO.c(45): warning:  #188-D: enumerated type mixed with another type
                                  PinWrite(1,24,0);              /* turn off P2.4~7 */
EXINT3_GPIO.c(52): warning:  #188-D: enumerated type mixed with another type
                  PinSelFunc(2,11,1);
EXINT3_GPIO.c(53): warning:  #188-D: enumerated type mixed with another type
                  PinDir(1,24,1);
EXINT3_GPIO.c(54): warning:  #188-D: enumerated type mixed with another type
                  PinWrite(1,24,0);
EXINT3_GPIO.c(58): warning:  #940-D: missing return statement at end of non-void function "EINT1Init" 
  }
EXINT3_GPIO.c(62): warning:  #188-D: enumerated type mixed with another type
                  PinSelFunc(2,12,1);
EXINT3_GPIO.c(63): warning:  #188-D: enumerated type mixed with another type
                  PinDir(1,29,1);
EXINT3_GPIO.c(64): warning:  #188-D: enumerated type mixed with another type
                  PinWrite(1,29,0);
EXINT3_GPIO.c(68): warning:  #940-D: missing return statement at end of non-void function "EINT2Init" 
  }
EXINT3_GPIO.c(74): warning:  #188-D: enumerated type mixed with another type
                  PinDir(1,21,1);
EXINT3_GPIO.c(75): warning:  #188-D: enumerated type mixed with another type
                  PinWrite(1,21,0);
EXINT3_GPIO.c(78): warning:  #940-D: missing return statement at end of non-void function "EINT3Init" 
  }
EXINT3_GPIO.c: 18 warnings, 0 errors
linking...
Program Size: Code=1188 RO-data=220 RW-data=0 ZI-data=608  
".\Objects\GPIO_External_INT3.axf" - 0 Error(s), 18 Warning(s).
Build Time Elapsed:  00:00:01
</pre>
</body>
</html>
