<html>
<body>
<pre>
<h1>µVision Build Log</h1>
<h2>Tool Versions:</h2>
IDE-Version: µVision V5.26.2.0
Copyright (C) 2018 ARM Ltd and ARM Germany GmbH. All rights reserved.
License Information: kalpesh mali, karmic embedded pvt ltd, LIC=----
 
Tool Versions:
Toolchain:       MDK-Lite  Version: 5.26.2.0
Toolchain Path:  C:\Keil_v5\ARM\ARMCC\Bin
C Compiler:      Armcc.exe V5.06 update 6 (build 750)
Assembler:       Armasm.exe V5.06 update 6 (build 750)
Linker/Locator:  ArmLink.exe V5.06 update 6 (build 750)
Library Manager: ArmAr.exe V5.06 update 6 (build 750)
Hex Converter:   FromElf.exe V5.06 update 6 (build 750)
CPU DLL:         SARMCM3.DLL V5.26.2.0
Dialog DLL:      DARMP1.DLL V1.27.0.0
Target DLL:      coocox-agdi.dll V???
Dialog DLL:      TARMP1.DLL V1.26.0.0
 
<h2>Project:</h2>
D:\Karmic\lpc1768\Trainning Program\Timer\Timer_LED_Blink\Timer_LED_BLINK_500_Milli.uvproj
Project File Date:  06/11/2019

<h2>Output:</h2>
*** Using Compiler 'V5.06 update 6 (build 750)', folder: 'C:\Keil_v5\ARM\ARMCC\Bin'
Rebuild target 'Target 1'
assembling startup_LPC17xx.s...
compiling core_cm3.c...
compiling Timer_Led_Blink.c...
UserDefineFunction.h(63): warning:  #1-D: last line of file ends without a newline
  }
Timer_Led_Blink.c(36): warning:  #188-D: enumerated type mixed with another type
  	PinSelFunc(1,28,3);				/*MAT0.0 match Register 0 P1.28*/
Timer_Led_Blink.c(37): warning:  #188-D: enumerated type mixed with another type
  	PinDir(1,28,1);							/*Direction of pin p1.28 is high*/
Timer_Led_Blink.c(38): warning:  #188-D: enumerated type mixed with another type
  	PinWrite(1,28,0);						/* Clear the pin p1.28 */
Timer_Led_Blink.c(41): warning:  #188-D: enumerated type mixed with another type
  	PinSelFunc(1,29,0);     /* LED Light only*/ 
Timer_Led_Blink.c(42): warning:  #188-D: enumerated type mixed with another type
  	PinDir(1,29,1);
Timer_Led_Blink.c(63): warning:  #188-D: enumerated type mixed with another type
  		PinWrite(1,29,1);
Timer_Led_Blink.c(68): warning:  #188-D: enumerated type mixed with another type
  		PinWrite(1,29,0);
Timer_Led_Blink.c(77): warning:  #1-D: last line of file ends without a newline
  }
Timer_Led_Blink.c: 9 warnings, 0 errors
compiling system_LPC17xx.c...
linking...
Program Size: Code=1088 RO-data=236 RW-data=4 ZI-data=612  
FromELF: creating hex file...
".\Objects\Timer_LED_BLINK_500_Milli.axf" - 0 Error(s), 9 Warning(s).
Build Time Elapsed:  00:00:01
</pre>
</body>
</html>
