<html>
<body>
<pre>
<h1>µVision Build Log</h1>
<h2>Tool Versions:</h2>
IDE-Version: µVision V5.26.2.0
Copyright (C) 2018 ARM Ltd and ARM Germany GmbH. All rights reserved.
License Information: kalpesh mali, karmic embedded pvt ltd, LIC=----
 
Tool Versions:
Toolchain:       MDK-Lite  Version: 5.26.2.0
Toolchain Path:  C:\Keil_v5\ARM\ARMCC\Bin
C Compiler:      Armcc.exe V5.06 update 6 (build 750)
Assembler:       Armasm.exe V5.06 update 6 (build 750)
Linker/Locator:  ArmLink.exe V5.06 update 6 (build 750)
Library Manager: ArmAr.exe V5.06 update 6 (build 750)
Hex Converter:   FromElf.exe V5.06 update 6 (build 750)
CPU DLL:         SARMCM3.DLL V5.26.2.0
Dialog DLL:      DARMP1.DLL V1.27.0.0
Target DLL:      UL2CM3.DLL V1.161.6.0
Dialog DLL:      TARMP1.DLL V1.26.0.0
 
<h2>Project:</h2>
D:\Karmic\lpc1768\Trainning Program\Timer\Timer_nested_Interrupt\Timer_Nested_Interrupt.uvproj
Project File Date:  06/11/2019

<h2>Output:</h2>
*** Using Compiler 'V5.06 update 6 (build 750)', folder: 'C:\Keil_v5\ARM\ARMCC\Bin'
Rebuild target 'Target 1'
assembling startup_LPC17xx.s...
compiling core_cm3.c...
compiling timer_nested_interrupt.c...
UserDefineFunction.h(63): warning:  #1-D: last line of file ends without a newline
  }
timer_nested_interrupt.c(58): warning:  #940-D: missing return statement at end of non-void function "EINTInit" 
  }
timer_nested_interrupt.c(65): warning:  #188-D: enumerated type mixed with another type
  	PinSelFunc(1,28,3);				/*MAT0.0 match Register 0 P1.28*/
timer_nested_interrupt.c(66): warning:  #188-D: enumerated type mixed with another type
  	PinDir(1,28,1);							/*Direction of pin p1.28 is high*/
timer_nested_interrupt.c(67): warning:  #188-D: enumerated type mixed with another type
  	PinWrite(1,28,0);						/* Clear the pin p1.28 */
timer_nested_interrupt.c(70): warning:  #188-D: enumerated type mixed with another type
  	PinSelFunc(1,29,0);     /* LED Light only*/ 
timer_nested_interrupt.c(71): warning:  #188-D: enumerated type mixed with another type
  	PinDir(1,29,1);
timer_nested_interrupt.c(72): warning:  #188-D: enumerated type mixed with another type
  	PinWrite(1,29,0);
timer_nested_interrupt.c(73): warning:  #188-D: enumerated type mixed with another type
  	PinSelFunc(2,11,1);
timer_nested_interrupt.c(98): warning:  #188-D: enumerated type mixed with another type
  		PinWrite(1,29,0);
timer_nested_interrupt.c(104): warning:  #188-D: enumerated type mixed with another type
  		PinWrite(1,29,1);
timer_nested_interrupt.c(109): warning:  #188-D: enumerated type mixed with another type
  		PinWrite(1,29,0);
timer_nested_interrupt.c: 12 warnings, 0 errors
compiling system_LPC17xx.c...
linking...
Program Size: Code=1256 RO-data=236 RW-data=4 ZI-data=612  
".\Objects\Timer_Nested_Interrupt.axf" - 0 Error(s), 12 Warning(s).
Build Time Elapsed:  00:00:00
</pre>
</body>
</html>
